// Vitest Snapshot v1, https://vitest.dev/guide/snapshot.html

exports[`resolve > resolveHostPkgManifest 1`] = `
[
  {
    "_from": "vite@4.4.8",
    "_id": "vite@4.4.8",
    "_integrity": "sha512-LONawOUUjxQridNWGQlNizfKH89qPigK36XhMI7COMGztz8KNY0JHim7/xDd71CZwGT4HtSRgI7Hy+RlhG0Gvg==",
    "_resolved": "https://registry.npmjs.org/vite/-/vite-4.4.8.tgz",
    "_signatures": [
      {
        "keyid": "SHA256:jl3bwswu80PjjokCgh0o2w5c2U4LhQAE57gj9cz1kzA",
        "sig": "MEQCIA7Lre3hTEInyzhooq68Mk1GOQi9k5DavTHQczY6CkSQAiBxEc79LBHAdwr29/9O6ksZCLJaxkDUKraV/Es+NopfOw==",
      },
    ],
    "bin": {
      "vite": "bin/vite.js",
    },
    "dependencies": {
      "esbuild": "^0.18.10",
      "postcss": "^8.4.26",
      "rollup": "^3.25.2",
    },
    "devDependencies": {
      "@ampproject/remapping": "^2.2.1",
      "@babel/parser": "^7.22.7",
      "@babel/types": "^7.22.5",
      "@jridgewell/trace-mapping": "^0.3.18",
      "@rollup/plugin-alias": "^4.0.4",
      "@rollup/plugin-commonjs": "^25.0.3",
      "@rollup/plugin-dynamic-import-vars": "^2.0.4",
      "@rollup/plugin-json": "^6.0.0",
      "@rollup/plugin-node-resolve": "15.1.0",
      "@rollup/plugin-typescript": "^11.1.2",
      "@rollup/pluginutils": "^5.0.2",
      "@types/escape-html": "^1.0.2",
      "@types/pnpapi": "^0.0.2",
      "acorn": "^8.10.0",
      "acorn-walk": "^8.2.0",
      "cac": "^6.7.14",
      "chokidar": "^3.5.3",
      "connect": "^3.7.0",
      "connect-history-api-fallback": "^2.0.0",
      "convert-source-map": "^2.0.0",
      "cors": "^2.8.5",
      "cross-spawn": "^7.0.3",
      "debug": "^4.3.4",
      "dep-types": "link:./src/types",
      "dotenv": "^16.3.1",
      "dotenv-expand": "^9.0.0",
      "es-module-lexer": "^1.3.0",
      "escape-html": "^1.0.3",
      "estree-walker": "^3.0.3",
      "etag": "^1.8.1",
      "fast-glob": "^3.3.0",
      "http-proxy": "^1.18.1",
      "json-stable-stringify": "^1.0.2",
      "launch-editor-middleware": "^2.6.0",
      "lightningcss": "^1.21.5",
      "magic-string": "^0.30.2",
      "micromatch": "^4.0.5",
      "mlly": "^1.4.0",
      "mrmime": "^1.0.1",
      "okie": "^1.0.1",
      "open": "^8.4.2",
      "parse5": "^7.1.2",
      "periscopic": "^3.1.0",
      "picocolors": "^1.0.0",
      "picomatch": "^2.3.1",
      "postcss-import": "^15.1.0",
      "postcss-load-config": "^4.0.1",
      "postcss-modules": "^6.0.0",
      "resolve.exports": "^2.0.2",
      "rollup-plugin-license": "^3.0.1",
      "sirv": "^2.0.3",
      "source-map-support": "^0.5.21",
      "strip-ansi": "^7.1.0",
      "strip-literal": "^1.0.1",
      "tsconfck": "^2.1.2",
      "tslib": "^2.6.0",
      "types": "link:./types",
      "ufo": "^1.1.2",
      "ws": "^8.13.0",
    },
    "dist": {
      "fileCount": 28,
      "integrity": "sha512-LONawOUUjxQridNWGQlNizfKH89qPigK36XhMI7COMGztz8KNY0JHim7/xDd71CZwGT4HtSRgI7Hy+RlhG0Gvg==",
      "shasum": "31e4a438f8748695c68bd57ffd262ba93540fdf7",
      "signatures": [
        {
          "keyid": "SHA256:jl3bwswu80PjjokCgh0o2w5c2U4LhQAE57gj9cz1kzA",
          "sig": "MEQCIA7Lre3hTEInyzhooq68Mk1GOQi9k5DavTHQczY6CkSQAiBxEc79LBHAdwr29/9O6ksZCLJaxkDUKraV/Es+NopfOw==",
        },
      ],
      "tarball": "https://registry.npmjs.org/vite/-/vite-4.4.8.tgz",
      "unpackedSize": 3333060,
    },
    "engines": {
      "node": "^14.18.0 || >=16.0.0",
    },
    "funding": {
      "url": "https://github.com/vitejs/vite?sponsor=1",
    },
    "name": "vite",
    "optionalDependencies": {
      "fsevents": "~2.3.2",
    },
    "peerDependencies": {
      "@types/node": ">= 14",
      "less": "*",
      "lightningcss": "^1.21.0",
      "sass": "*",
      "stylus": "*",
      "sugarss": "*",
      "terser": "^5.4.0",
    },
    "peerDependenciesMeta": {
      "@types/node": {
        "optional": true,
      },
      "less": {
        "optional": true,
      },
      "lightningcss": {
        "optional": true,
      },
      "sass": {
        "optional": true,
      },
      "stylus": {
        "optional": true,
      },
      "sugarss": {
        "optional": true,
      },
      "terser": {
        "optional": true,
      },
    },
    "version": "4.4.8",
  },
  {
    "_attestations": {
      "provenance": {
        "predicateType": "https://slsa.dev/provenance/v1",
      },
      "url": "https://registry.npmjs.org/-/npm/v1/attestations/vite@5.0.10",
    },
    "_from": "vite@5",
    "_id": "vite@5.0.10",
    "_integrity": "sha512-2P8J7WWgmc355HUMlFrwofacvr98DAjoE52BfdbwQtyLH06XKwaL/FMnmKM2crF0iX4MpmMKoDlNCB1ok7zHCw==",
    "_resolved": "https://registry.npmjs.org/vite/-/vite-5.0.10.tgz",
    "_signatures": [
      {
        "keyid": "SHA256:jl3bwswu80PjjokCgh0o2w5c2U4LhQAE57gj9cz1kzA",
        "sig": "MEYCIQDiqbTtPXFeKFVUkGmpMvQdc9z3mP3ZKC8g9dgm/9ug7gIhANMS8KaG1OoLv7x/4Hg7W1v26yEUTF8A374UJ41VHnb/",
      },
    ],
    "bin": {
      "vite": "bin/vite.js",
    },
    "dependencies": {
      "esbuild": "^0.19.3",
      "postcss": "^8.4.32",
      "rollup": "^4.2.0",
    },
    "devDependencies": {
      "@ampproject/remapping": "^2.2.1",
      "@babel/parser": "^7.23.6",
      "@jridgewell/trace-mapping": "^0.3.20",
      "@rollup/plugin-alias": "^5.1.0",
      "@rollup/plugin-commonjs": "^25.0.7",
      "@rollup/plugin-dynamic-import-vars": "^2.1.2",
      "@rollup/plugin-json": "^6.0.1",
      "@rollup/plugin-node-resolve": "15.2.3",
      "@rollup/plugin-typescript": "^11.1.5",
      "@rollup/pluginutils": "^5.1.0",
      "@types/escape-html": "^1.0.4",
      "@types/pnpapi": "^0.0.5",
      "acorn": "^8.11.2",
      "acorn-walk": "^8.3.1",
      "cac": "^6.7.14",
      "chokidar": "^3.5.3",
      "connect": "^3.7.0",
      "convert-source-map": "^2.0.0",
      "cors": "^2.8.5",
      "cross-spawn": "^7.0.3",
      "debug": "^4.3.4",
      "dep-types": "link:./src/types",
      "dotenv": "^16.3.1",
      "dotenv-expand": "^10.0.0",
      "es-module-lexer": "^1.4.1",
      "escape-html": "^1.0.3",
      "estree-walker": "^3.0.3",
      "etag": "^1.8.1",
      "fast-glob": "^3.3.2",
      "http-proxy": "^1.18.1",
      "json-stable-stringify": "^1.1.0",
      "launch-editor-middleware": "^2.6.1",
      "lightningcss": "^1.22.1",
      "magic-string": "^0.30.5",
      "micromatch": "^4.0.5",
      "mlly": "^1.4.2",
      "mrmime": "^1.0.1",
      "okie": "^1.0.1",
      "open": "^8.4.2",
      "parse5": "^7.1.2",
      "periscopic": "^4.0.2",
      "picocolors": "^1.0.0",
      "picomatch": "^2.3.1",
      "postcss-import": "^15.1.0",
      "postcss-load-config": "^4.0.2",
      "postcss-modules": "^6.0.0",
      "resolve.exports": "^2.0.2",
      "rollup-plugin-dts": "^6.1.0",
      "rollup-plugin-license": "^3.2.0",
      "sirv": "^2.0.3",
      "source-map-support": "^0.5.21",
      "strip-ansi": "^7.1.0",
      "strip-literal": "^1.3.0",
      "tsconfck": "^3.0.0",
      "tslib": "^2.6.2",
      "types": "link:./types",
      "ufo": "^1.3.2",
      "ws": "^8.15.0",
    },
    "dist": {
      "attestations": {
        "provenance": {
          "predicateType": "https://slsa.dev/provenance/v1",
        },
        "url": "https://registry.npmjs.org/-/npm/v1/attestations/vite@5.0.10",
      },
      "fileCount": 30,
      "integrity": "sha512-2P8J7WWgmc355HUMlFrwofacvr98DAjoE52BfdbwQtyLH06XKwaL/FMnmKM2crF0iX4MpmMKoDlNCB1ok7zHCw==",
      "shasum": "1e13ef5c3cf5aa4eed81f5df6d107b3c3f1f6356",
      "signatures": [
        {
          "keyid": "SHA256:jl3bwswu80PjjokCgh0o2w5c2U4LhQAE57gj9cz1kzA",
          "sig": "MEYCIQDiqbTtPXFeKFVUkGmpMvQdc9z3mP3ZKC8g9dgm/9ug7gIhANMS8KaG1OoLv7x/4Hg7W1v26yEUTF8A374UJ41VHnb/",
        },
      ],
      "tarball": "https://registry.npmjs.org/vite/-/vite-5.0.10.tgz",
      "unpackedSize": 3473932,
    },
    "engines": {
      "node": "^18.0.0 || >=20.0.0",
    },
    "funding": {
      "url": "https://github.com/vitejs/vite?sponsor=1",
    },
    "name": "vite",
    "optionalDependencies": {
      "fsevents": "~2.3.3",
    },
    "peerDependencies": {
      "@types/node": "^18.0.0 || >=20.0.0",
      "less": "*",
      "lightningcss": "^1.21.0",
      "sass": "*",
      "stylus": "*",
      "sugarss": "*",
      "terser": "^5.4.0",
    },
    "peerDependenciesMeta": {
      "@types/node": {
        "optional": true,
      },
      "less": {
        "optional": true,
      },
      "lightningcss": {
        "optional": true,
      },
      "sass": {
        "optional": true,
      },
      "stylus": {
        "optional": true,
      },
      "sugarss": {
        "optional": true,
      },
      "terser": {
        "optional": true,
      },
    },
    "version": "5.0.10",
  },
]
`;

exports[`resolve > resolvePkgManifest 1`] = `
[
  {
    "_from": "vite@4.4.8",
    "_id": "vite@4.4.8",
    "_integrity": "sha512-LONawOUUjxQridNWGQlNizfKH89qPigK36XhMI7COMGztz8KNY0JHim7/xDd71CZwGT4HtSRgI7Hy+RlhG0Gvg==",
    "_resolved": "https://registry.npmjs.org/vite/-/vite-4.4.8.tgz",
    "_signatures": [
      {
        "keyid": "SHA256:jl3bwswu80PjjokCgh0o2w5c2U4LhQAE57gj9cz1kzA",
        "sig": "MEQCIA7Lre3hTEInyzhooq68Mk1GOQi9k5DavTHQczY6CkSQAiBxEc79LBHAdwr29/9O6ksZCLJaxkDUKraV/Es+NopfOw==",
      },
    ],
    "bin": {
      "vite": "bin/vite.js",
    },
    "dependencies": {
      "esbuild": "^0.18.10",
      "postcss": "^8.4.26",
      "rollup": "^3.25.2",
    },
    "devDependencies": {
      "@ampproject/remapping": "^2.2.1",
      "@babel/parser": "^7.22.7",
      "@babel/types": "^7.22.5",
      "@jridgewell/trace-mapping": "^0.3.18",
      "@rollup/plugin-alias": "^4.0.4",
      "@rollup/plugin-commonjs": "^25.0.3",
      "@rollup/plugin-dynamic-import-vars": "^2.0.4",
      "@rollup/plugin-json": "^6.0.0",
      "@rollup/plugin-node-resolve": "15.1.0",
      "@rollup/plugin-typescript": "^11.1.2",
      "@rollup/pluginutils": "^5.0.2",
      "@types/escape-html": "^1.0.2",
      "@types/pnpapi": "^0.0.2",
      "acorn": "^8.10.0",
      "acorn-walk": "^8.2.0",
      "cac": "^6.7.14",
      "chokidar": "^3.5.3",
      "connect": "^3.7.0",
      "connect-history-api-fallback": "^2.0.0",
      "convert-source-map": "^2.0.0",
      "cors": "^2.8.5",
      "cross-spawn": "^7.0.3",
      "debug": "^4.3.4",
      "dep-types": "link:./src/types",
      "dotenv": "^16.3.1",
      "dotenv-expand": "^9.0.0",
      "es-module-lexer": "^1.3.0",
      "escape-html": "^1.0.3",
      "estree-walker": "^3.0.3",
      "etag": "^1.8.1",
      "fast-glob": "^3.3.0",
      "http-proxy": "^1.18.1",
      "json-stable-stringify": "^1.0.2",
      "launch-editor-middleware": "^2.6.0",
      "lightningcss": "^1.21.5",
      "magic-string": "^0.30.2",
      "micromatch": "^4.0.5",
      "mlly": "^1.4.0",
      "mrmime": "^1.0.1",
      "okie": "^1.0.1",
      "open": "^8.4.2",
      "parse5": "^7.1.2",
      "periscopic": "^3.1.0",
      "picocolors": "^1.0.0",
      "picomatch": "^2.3.1",
      "postcss-import": "^15.1.0",
      "postcss-load-config": "^4.0.1",
      "postcss-modules": "^6.0.0",
      "resolve.exports": "^2.0.2",
      "rollup-plugin-license": "^3.0.1",
      "sirv": "^2.0.3",
      "source-map-support": "^0.5.21",
      "strip-ansi": "^7.1.0",
      "strip-literal": "^1.0.1",
      "tsconfck": "^2.1.2",
      "tslib": "^2.6.0",
      "types": "link:./types",
      "ufo": "^1.1.2",
      "ws": "^8.13.0",
    },
    "dist": {
      "fileCount": 28,
      "integrity": "sha512-LONawOUUjxQridNWGQlNizfKH89qPigK36XhMI7COMGztz8KNY0JHim7/xDd71CZwGT4HtSRgI7Hy+RlhG0Gvg==",
      "shasum": "31e4a438f8748695c68bd57ffd262ba93540fdf7",
      "signatures": [
        {
          "keyid": "SHA256:jl3bwswu80PjjokCgh0o2w5c2U4LhQAE57gj9cz1kzA",
          "sig": "MEQCIA7Lre3hTEInyzhooq68Mk1GOQi9k5DavTHQczY6CkSQAiBxEc79LBHAdwr29/9O6ksZCLJaxkDUKraV/Es+NopfOw==",
        },
      ],
      "tarball": "https://registry.npmjs.org/vite/-/vite-4.4.8.tgz",
      "unpackedSize": 3333060,
    },
    "engines": {
      "node": "^14.18.0 || >=16.0.0",
    },
    "funding": {
      "url": "https://github.com/vitejs/vite?sponsor=1",
    },
    "name": "vite",
    "optionalDependencies": {
      "fsevents": "~2.3.2",
    },
    "peerDependencies": {
      "@types/node": ">= 14",
      "less": "*",
      "lightningcss": "^1.21.0",
      "sass": "*",
      "stylus": "*",
      "sugarss": "*",
      "terser": "^5.4.0",
    },
    "peerDependenciesMeta": {
      "@types/node": {
        "optional": true,
      },
      "less": {
        "optional": true,
      },
      "lightningcss": {
        "optional": true,
      },
      "sass": {
        "optional": true,
      },
      "stylus": {
        "optional": true,
      },
      "sugarss": {
        "optional": true,
      },
      "terser": {
        "optional": true,
      },
    },
    "version": "4.4.8",
  },
  {
    "_attestations": {
      "provenance": {
        "predicateType": "https://slsa.dev/provenance/v1",
      },
      "url": "https://registry.npmjs.org/-/npm/v1/attestations/vite@5.0.10",
    },
    "_from": "vite@5",
    "_id": "vite@5.0.10",
    "_integrity": "sha512-2P8J7WWgmc355HUMlFrwofacvr98DAjoE52BfdbwQtyLH06XKwaL/FMnmKM2crF0iX4MpmMKoDlNCB1ok7zHCw==",
    "_resolved": "https://registry.npmjs.org/vite/-/vite-5.0.10.tgz",
    "_signatures": [
      {
        "keyid": "SHA256:jl3bwswu80PjjokCgh0o2w5c2U4LhQAE57gj9cz1kzA",
        "sig": "MEYCIQDiqbTtPXFeKFVUkGmpMvQdc9z3mP3ZKC8g9dgm/9ug7gIhANMS8KaG1OoLv7x/4Hg7W1v26yEUTF8A374UJ41VHnb/",
      },
    ],
    "bin": {
      "vite": "bin/vite.js",
    },
    "dependencies": {
      "esbuild": "^0.19.3",
      "postcss": "^8.4.32",
      "rollup": "^4.2.0",
    },
    "devDependencies": {
      "@ampproject/remapping": "^2.2.1",
      "@babel/parser": "^7.23.6",
      "@jridgewell/trace-mapping": "^0.3.20",
      "@rollup/plugin-alias": "^5.1.0",
      "@rollup/plugin-commonjs": "^25.0.7",
      "@rollup/plugin-dynamic-import-vars": "^2.1.2",
      "@rollup/plugin-json": "^6.0.1",
      "@rollup/plugin-node-resolve": "15.2.3",
      "@rollup/plugin-typescript": "^11.1.5",
      "@rollup/pluginutils": "^5.1.0",
      "@types/escape-html": "^1.0.4",
      "@types/pnpapi": "^0.0.5",
      "acorn": "^8.11.2",
      "acorn-walk": "^8.3.1",
      "cac": "^6.7.14",
      "chokidar": "^3.5.3",
      "connect": "^3.7.0",
      "convert-source-map": "^2.0.0",
      "cors": "^2.8.5",
      "cross-spawn": "^7.0.3",
      "debug": "^4.3.4",
      "dep-types": "link:./src/types",
      "dotenv": "^16.3.1",
      "dotenv-expand": "^10.0.0",
      "es-module-lexer": "^1.4.1",
      "escape-html": "^1.0.3",
      "estree-walker": "^3.0.3",
      "etag": "^1.8.1",
      "fast-glob": "^3.3.2",
      "http-proxy": "^1.18.1",
      "json-stable-stringify": "^1.1.0",
      "launch-editor-middleware": "^2.6.1",
      "lightningcss": "^1.22.1",
      "magic-string": "^0.30.5",
      "micromatch": "^4.0.5",
      "mlly": "^1.4.2",
      "mrmime": "^1.0.1",
      "okie": "^1.0.1",
      "open": "^8.4.2",
      "parse5": "^7.1.2",
      "periscopic": "^4.0.2",
      "picocolors": "^1.0.0",
      "picomatch": "^2.3.1",
      "postcss-import": "^15.1.0",
      "postcss-load-config": "^4.0.2",
      "postcss-modules": "^6.0.0",
      "resolve.exports": "^2.0.2",
      "rollup-plugin-dts": "^6.1.0",
      "rollup-plugin-license": "^3.2.0",
      "sirv": "^2.0.3",
      "source-map-support": "^0.5.21",
      "strip-ansi": "^7.1.0",
      "strip-literal": "^1.3.0",
      "tsconfck": "^3.0.0",
      "tslib": "^2.6.2",
      "types": "link:./types",
      "ufo": "^1.3.2",
      "ws": "^8.15.0",
    },
    "dist": {
      "attestations": {
        "provenance": {
          "predicateType": "https://slsa.dev/provenance/v1",
        },
        "url": "https://registry.npmjs.org/-/npm/v1/attestations/vite@5.0.10",
      },
      "fileCount": 30,
      "integrity": "sha512-2P8J7WWgmc355HUMlFrwofacvr98DAjoE52BfdbwQtyLH06XKwaL/FMnmKM2crF0iX4MpmMKoDlNCB1ok7zHCw==",
      "shasum": "1e13ef5c3cf5aa4eed81f5df6d107b3c3f1f6356",
      "signatures": [
        {
          "keyid": "SHA256:jl3bwswu80PjjokCgh0o2w5c2U4LhQAE57gj9cz1kzA",
          "sig": "MEYCIQDiqbTtPXFeKFVUkGmpMvQdc9z3mP3ZKC8g9dgm/9ug7gIhANMS8KaG1OoLv7x/4Hg7W1v26yEUTF8A374UJ41VHnb/",
        },
      ],
      "tarball": "https://registry.npmjs.org/vite/-/vite-5.0.10.tgz",
      "unpackedSize": 3473932,
    },
    "engines": {
      "node": "^18.0.0 || >=20.0.0",
    },
    "funding": {
      "url": "https://github.com/vitejs/vite?sponsor=1",
    },
    "name": "vite",
    "optionalDependencies": {
      "fsevents": "~2.3.3",
    },
    "peerDependencies": {
      "@types/node": "^18.0.0 || >=20.0.0",
      "less": "*",
      "lightningcss": "^1.21.0",
      "sass": "*",
      "stylus": "*",
      "sugarss": "*",
      "terser": "^5.4.0",
    },
    "peerDependenciesMeta": {
      "@types/node": {
        "optional": true,
      },
      "less": {
        "optional": true,
      },
      "lightningcss": {
        "optional": true,
      },
      "sass": {
        "optional": true,
      },
      "stylus": {
        "optional": true,
      },
      "sugarss": {
        "optional": true,
      },
      "terser": {
        "optional": true,
      },
    },
    "version": "5.0.10",
  },
]
`;
